\BOOKMARK [0][-]{chapter*.1}{\376\377\000R\000e\000s\000u\000m\000o}{}% 1
\BOOKMARK [0][-]{chapter*.2}{\376\377\000A\000b\000s\000t\000r\000a\000c\000t}{}% 2
\BOOKMARK [0][-]{chapter*.3}{\376\377\000A\000g\000r\000a\000d\000e\000c\000i\000m\000e\000n\000t\000o\000s}{}% 3
\BOOKMARK [0][-]{chapter*.5}{\376\377\000\357\000\277\000\275\000n\000d\000i\000c\000e}{}% 4
\BOOKMARK [0][-]{chapter*.6}{\376\377\000L\000i\000s\000t\000a\000\040\000d\000e\000\040\000T\000a\000b\000e\000l\000a\000s}{}% 5
\BOOKMARK [0][-]{chapter*.7}{\376\377\000L\000i\000s\000t\000a\000\040\000d\000e\000\040\000F\000i\000g\000u\000r\000a\000s}{}% 6
\BOOKMARK [0][-]{chapter.1}{\376\377\000I\000n\000t\000r\000o\000d\000u\000\357\000\277\000\275\000\357\000\277\000\275\000o}{}% 7
\BOOKMARK [0][-]{chapter.2}{\376\377\000T\000r\000a\000b\000a\000l\000h\000o\000\040\000R\000e\000l\000a\000c\000i\000o\000n\000a\000d\000o}{}% 8
\BOOKMARK [0][-]{chapter.3}{\376\377\000M\000o\000d\000e\000l\000o\000\040\000P\000r\000o\000p\000o\000s\000t\000o}{}% 9
\BOOKMARK [1][-]{section.3.1}{\376\377\000R\000e\000q\000u\000i\000s\000i\000t\000o\000s}{chapter.3}% 10
\BOOKMARK [2][-]{subsection.3.1.1}{\376\377\000R\000e\000q\000u\000i\000s\000i\000t\000o\000s\000\040\000F\000u\000n\000c\000i\000o\000n\000a\000i\000s}{section.3.1}% 11
\BOOKMARK [2][-]{subsection.3.1.2}{\376\377\000R\000e\000q\000u\000i\000s\000i\000t\000o\000s\000\040\000N\000\357\000\277\000\275\000o\000\040\000F\000u\000n\000c\000i\000o\000n\000a\000i\000s}{section.3.1}% 12
\BOOKMARK [2][-]{subsection.3.1.3}{\376\377\000C\000a\000s\000o\000s\000\040\000d\000e\000\040\000U\000t\000i\000l\000i\000z\000a\000\303\000\247\000\303\000\243\000o}{section.3.1}% 13
\BOOKMARK [1][-]{section.3.2}{\376\377\000F\000u\000n\000d\000a\000m\000e\000n\000t\000o\000s}{chapter.3}% 14
\BOOKMARK [2][-]{subsection.3.2.1}{\376\377\000A\000u\000t\000\357\000\277\000\275\000n\000t\000i\000c\000a\000\357\000\277\000\275\000\357\000\277\000\275\000o\000\040\000F\000e\000d\000e\000r\000a\000d\000a}{section.3.2}% 15
\BOOKMARK [1][-]{section.3.3}{\376\377\000A\000b\000o\000r\000d\000a\000g\000e\000m}{chapter.3}% 16
\BOOKMARK [0][-]{chapter.4}{\376\377\000I\000m\000p\000l\000e\000m\000e\000n\000t\000a\000\347\000\343\000o\000\040\000d\000o\000\040\000M\000o\000d\000e\000l\000o}{}% 17
\BOOKMARK [0][-]{chapter.5}{\376\377\000V\000a\000l\000i\000d\000a\000\347\000\343\000o\000\040\000e\000\040\000T\000e\000s\000t\000e\000s}{}% 18
\BOOKMARK [0][-]{chapter.6}{\376\377\000C\000o\000n\000c\000l\000u\000s\000\365\000e\000s\000\040\000e\000\040\000T\000r\000a\000b\000a\000l\000h\000o\000\040\000F\000u\000t\000u\000r\000o}{}% 19
\BOOKMARK [0][-]{appendix.A}{\376\377\000U\000m\000\040\000D\000e\000t\000a\000l\000h\000e\000\040\000A\000d\000i\000c\000i\000o\000n\000a\000l}{}% 20
\BOOKMARK [0][-]{appendix.B}{\376\377\000O\000u\000t\000r\000o\000\040\000D\000e\000t\000a\000l\000h\000e\000\040\000A\000d\000i\000c\000i\000o\000n\000a\000l}{}% 21
\BOOKMARK [0][-]{appendix*.24}{\376\377\000B\000i\000b\000l\000i\000o\000g\000r\000a\000f\000i\000a}{}% 22
